#
# There is insufficient memory for the Java Runtime Environment to continue.
# Native memory allocation (mmap) failed to map 62914560 bytes for G1 virtual space
# Possible reasons:
#   The system is out of physical RAM or swap space
#   The process is running with CompressedOops enabled, and the Java Heap may be blocking the growth of the native heap
# Possible solutions:
#   Reduce memory load on the system
#   Increase physical memory or swap space
#   Check if swap backing store is full
#   Decrease Java heap size (-Xmx/-Xms)
#   Decrease number of Java threads
#   Decrease Java thread stack sizes (-Xss)
#   Set larger code cache with -XX:ReservedCodeCacheSize=
#   JVM is running with Unscaled Compressed Oops mode in which the Java heap is
#     placed in the first 4GB address space. The Java Heap base address is the
#     maximum limit for the native heap growth. Please use -XX:HeapBaseMinAddress
#     to set the Java Heap base and to place the Java Heap above 4GB virtual address.
# This output file may be truncated or incomplete.
#
#  Out of Memory Error (os_windows.cpp:3600), pid=8080, tid=4908
#
# JRE version:  (21.0.3+7) (build )
# Java VM: Java HotSpot(TM) 64-Bit Server VM (21.0.3+7-LTS-152, mixed mode, sharing, tiered, compressed oops, compressed class ptrs, g1 gc, windows-amd64)
# No core dump will be written. Minidumps are not enabled by default on client versions of Windows
#

---------------  S U M M A R Y ------------

Command Line: -Dfile.encoding=UTF-8 -Dstdout.encoding=UTF-8 -Dstderr.encoding=UTF-8 --module-path=C:\Users\fabio\curso_Java_workspace\fabio\Interfaces_Laboratorio\bin -XX:+ShowCodeDetailsInExceptionMessages -Djdk.module.main=Interfaces_Laboratorio Interfaces_Laboratorio/br.com.impacta.interfaces.laboratorio.Cap10_Lab1

Host: Intel(R) Pentium(R) Gold 7505 @ 2.00GHz, 4 cores, 3G,  Windows 11 , 64 bit Build 22621 (10.0.22621.5415)
Time: Wed Sep  9 20:54:20 2026 Hora oficial do Brasil elapsed time: 0.076741 seconds (0d 0h 0m 0s)

---------------  T H R E A D  ---------------

Current thread (0x00000233cd71b9c0):  JavaThread "Unknown thread" [_thread_in_vm, id=4908, stack(0x0000004adfd00000,0x0000004adfe00000) (1024K)]

Stack: [0x0000004adfd00000,0x0000004adfe00000]
Native frames: (J=compiled Java code, j=interpreted, Vv=VM code, C=native code)
V  [jvm.dll+0x6c63b9]
V  [jvm.dll+0x84fa11]
V  [jvm.dll+0x851f3e]
V  [jvm.dll+0x852613]
V  [jvm.dll+0x27cd46]
V  [jvm.dll+0x6c2b55]
V  [jvm.dll+0x6b76da]
V  [jvm.dll+0x35051a]
V  [jvm.dll+0x358176]
V  [jvm.dll+0x3aa84e]
V  [jvm.dll+0x3aaaf8]
V  [jvm.dll+0x32491c]
V  [jvm.dll+0x32547b]
V  [jvm.dll+0x818f69]
V  [jvm.dll+0x3b7771]
V  [jvm.dll+0x802358]
V  [jvm.dll+0x44c7ce]
V  [jvm.dll+0x44e2a1]
C  [jli.dll+0x52a3]
C  [ucrtbase.dll+0x29333]
C  [KERNEL32.DLL+0x1259d]
C  [ntdll.dll+0x5af78]


---------------  P R O C E S S  ---------------

Threads class SMR info:
_java_thread_list=0x00007ffd8cc31b88, length=0, elements={
}

Java Threads: ( => current thread )
Total: 0

Other Threads:
  0x00000233cf88af70 WorkerThread "GC Thread#0"                     [id=7416, stack(0x0000004adfe00000,0x0000004adff00000) (1024K)]
  0x00000233cf894060 ConcurrentGCThread "G1 Main Marker"            [id=19252, stack(0x0000004adff00000,0x0000004ae0000000) (1024K)]
  0x00000233cf895370 WorkerThread "G1 Conc#0"                       [id=17336, stack(0x0000004ae0000000,0x0000004ae0100000) (1024K)]

[error occurred during error reporting (printing all threads), id 0xc0000005, EXCEPTION_ACCESS_VIOLATION (0xc0000005) at pc=0x00007ffd8c3a7077]
VM state: not at safepoint (not fully initialized)

VM Mutex/Monitor currently owned by a thread:  ([mutex/lock_event])
[0x00007ffd8cca2ea8] Heap_lock - owner thread: 0x00000233cd71b9c0

Heap address: 0x00000000c4200000, size: 958 MB, Compressed Oops mode: 32-bit

CDS archive(s) mapped at: [0x0000000000000000-0x0000000000000000-0x0000000000000000), size 0, SharedBaseAddress: 0x0000000800000000, ArchiveRelocationMode: 1.
Narrow klass base: 0x0000000000000000, Narrow klass shift: 0, Narrow klass range: 0x0

GC Precious Log:
 CardTable entry size: 512
 Card Set container configuration: InlinePtr #cards 5 size 8 Array Of Cards #cards 12 size 40 Howl #buckets 4 coarsen threshold 1843 Howl Bitmap #cards 512 size 80 coarsen threshold 460 Card regions per heap region 1 cards per card region 2048

Heap:
 garbage-first heap   total 0K, used 0K [0x00000000c4200000, 0x0000000100000000)
  region size 1024K, 0 young (0K), 0 survivors (0K)

[error occurred during error reporting (printing heap information), id 0xc0000005, EXCEPTION_ACCESS_VIOLATION (0xc0000005) at pc=0x00007ffd8c78e669]
GC Heap History (0 events):
No events

Dll operation events (1 events):
Event: 0.050 Loaded shared library C:\Program Files\Java\jdk-21\bin\java.dll

Deoptimization events (0 events):
No events

Classes loaded (0 events):
No events

Classes unloaded (0 events):
No events

Classes redefined (0 events):
No events

Internal exceptions (0 events):
No events

ZGC Phase Switch (0 events):
No events

VM Operations (0 events):
No events

Events (0 events):
No events


Dynamic libraries:
0x00007ff67f480000 - 0x00007ff67f490000 	C:\Program Files\Java\jdk-21\bin\javaw.exe
0x00007ffdedad0000 - 0x00007ffdedce8000 	C:\Windows\SYSTEM32\ntdll.dll
0x00007ffdec630000 - 0x00007ffdec6f4000 	C:\Windows\System32\KERNEL32.DLL
0x00007ffdeac80000 - 0x00007ffdeb053000 	C:\Windows\System32\KERNELBASE.dll
0x00007ffdeb220000 - 0x00007ffdeb331000 	C:\Windows\System32\ucrtbase.dll
0x00007ffdd95d0000 - 0x00007ffdd95eb000 	C:\Program Files\Java\jdk-21\bin\VCRUNTIME140.dll
0x00007ffdd7810000 - 0x00007ffdd7829000 	C:\Program Files\Java\jdk-21\bin\jli.dll
0x00007ffded010000 - 0x00007ffded0c1000 	C:\Windows\System32\ADVAPI32.dll
0x00007ffdebce0000 - 0x00007ffdebd87000 	C:\Windows\System32\msvcrt.dll
0x00007ffded2b0000 - 0x00007ffded358000 	C:\Windows\System32\sechost.dll
0x00007ffdeb680000 - 0x00007ffdeb6a8000 	C:\Windows\System32\bcrypt.dll
0x00007ffdeb820000 - 0x00007ffdeb938000 	C:\Windows\System32\RPCRT4.dll
0x00007ffded5f0000 - 0x00007ffded7a2000 	C:\Windows\System32\USER32.dll
0x00007ffdeb4e0000 - 0x00007ffdeb506000 	C:\Windows\System32\win32u.dll
0x00007ffdecfd0000 - 0x00007ffdecff9000 	C:\Windows\System32\GDI32.dll
0x00007ffdeb3c0000 - 0x00007ffdeb4db000 	C:\Windows\System32\gdi32full.dll
0x00007ffdeabe0000 - 0x00007ffdeac7a000 	C:\Windows\System32\msvcp_win.dll
0x00007ffdd6f50000 - 0x00007ffdd71ec000 	C:\Windows\WinSxS\amd64_microsoft.windows.common-controls_6595b64144ccf1df_6.0.22621.6060_none_2712eda17382d24b\COMCTL32.dll
0x00007ffde3600000 - 0x00007ffde360a000 	C:\Windows\SYSTEM32\VERSION.dll
0x00007ffded3b0000 - 0x00007ffded3e1000 	C:\Windows\System32\IMM32.DLL
0x00007ffdd95c0000 - 0x00007ffdd95cc000 	C:\Program Files\Java\jdk-21\bin\vcruntime140_1.dll
0x00007ffdd2f90000 - 0x00007ffdd301e000 	C:\Program Files\Java\jdk-21\bin\msvcp140.dll
0x00007ffd8c070000 - 0x00007ffd8cd7d000 	C:\Program Files\Java\jdk-21\bin\server\jvm.dll
0x00007ffded9b0000 - 0x00007ffdeda21000 	C:\Windows\System32\WS2_32.dll
0x00007ffde49d0000 - 0x00007ffde4a04000 	C:\Windows\SYSTEM32\WINMM.dll
0x00007ffdea900000 - 0x00007ffdea94d000 	C:\Windows\SYSTEM32\POWRPROF.dll
0x00007ffdea8e0000 - 0x00007ffdea8f3000 	C:\Windows\SYSTEM32\UMPDC.dll
0x00007ffde9bc0000 - 0x00007ffde9bd8000 	C:\Windows\SYSTEM32\kernel.appcore.dll
0x00007ffde4ff0000 - 0x00007ffde4ffa000 	C:\Program Files\Java\jdk-21\bin\jimage.dll
0x00007ffdd5750000 - 0x00007ffdd5983000 	C:\Windows\SYSTEM32\DBGHELP.DLL
0x00007ffdeb940000 - 0x00007ffdebcd1000 	C:\Windows\System32\combase.dll
0x00007ffdecd30000 - 0x00007ffdece08000 	C:\Windows\System32\OLEAUT32.dll
0x00007ffdd59d0000 - 0x00007ffdd5a02000 	C:\Windows\SYSTEM32\dbgcore.DLL
0x00007ffdeb1a0000 - 0x00007ffdeb21b000 	C:\Windows\System32\bcryptPrimitives.dll
0x00007ffde4f60000 - 0x00007ffde4f7f000 	C:\Program Files\Java\jdk-21\bin\java.dll

dbghelp: loaded successfully - version: 4.0.5 - missing functions: none
symbol engine: initialized successfully - sym options: 0x614 - pdb path: .;C:\Program Files\Java\jdk-21\bin;C:\Windows\SYSTEM32;C:\Windows\WinSxS\amd64_microsoft.windows.common-controls_6595b64144ccf1df_6.0.22621.6060_none_2712eda17382d24b;C:\Program Files\Java\jdk-21\bin\server

VM Arguments:
jvm_args: -Dfile.encoding=UTF-8 -Dstdout.encoding=UTF-8 -Dstderr.encoding=UTF-8 --module-path=C:\Users\fabio\curso_Java_workspace\fabio\Interfaces_Laboratorio\bin -XX:+ShowCodeDetailsInExceptionMessages -Djdk.module.main=Interfaces_Laboratorio 
java_command: Interfaces_Laboratorio/br.com.impacta.interfaces.laboratorio.Cap10_Lab1
java_class_path (initial): <not set>
Launcher Type: SUN_STANDARD

[Global flags]
     intx CICompilerCount                          = 3                                         {product} {ergonomic}
     uint ConcGCThreads                            = 1                                         {product} {ergonomic}
     uint G1ConcRefinementThreads                  = 4                                         {product} {ergonomic}
   size_t G1HeapRegionSize                         = 1048576                                   {product} {ergonomic}
    uintx GCDrainStackTargetSize                   = 64                                        {product} {ergonomic}
   size_t InitialHeapSize                          = 62914560                                  {product} {ergonomic}
   size_t MarkStackSize                            = 4194304                                   {product} {ergonomic}
   size_t MaxHeapSize                              = 1004535808                                {product} {ergonomic}
   size_t MinHeapDeltaBytes                        = 1048576                                   {product} {ergonomic}
   size_t MinHeapSize                              = 8388608                                   {product} {ergonomic}
    uintx NonNMethodCodeHeapSize                   = 5832780                                {pd product} {ergonomic}
    uintx NonProfiledCodeHeapSize                  = 122912730                              {pd product} {ergonomic}
    uintx ProfiledCodeHeapSize                     = 122912730                              {pd product} {ergonomic}
    uintx ReservedCodeCacheSize                    = 251658240                              {pd product} {ergonomic}
     bool SegmentedCodeCache                       = true                                      {product} {ergonomic}
     bool ShowCodeDetailsInExceptionMessages       = true                                   {manageable} {command line}
   size_t SoftMaxHeapSize                          = 1004535808                             {manageable} {ergonomic}
     bool UseCompressedOops                        = true                           {product lp64_product} {ergonomic}
     bool UseG1GC                                  = true                                      {product} {ergonomic}
     bool UseLargePagesIndividualAllocation        = false                                  {pd product} {ergonomic}

Logging:
Log output configuration:
 #0: stdout all=warning uptime,level,tags foldmultilines=false
 #1: stderr all=off uptime,level,tags foldmultilines=false

Environment Variables:
PATH=C:/Program Files/Java/jdk-21/bin/server;C:/Program Files/Java/jdk-21/bin;C:\Program Files\Common Files\Oracle\Java\javapath;C:\Windows\system32;C:\Windows;C:\Windows\System32\Wbem;C:\Windows\System32\WindowsPowerShell\v1.0\;C:\Windows\System32\OpenSSH\;C:\Program Files\dotnet\;C:\Program Files\Git\cmd;C:\Program Files (x86)\Microsoft SQL Server\160\Tools\Binn\;C:\Program Files\Microsoft SQL Server\160\Tools\Binn\;C:\Program Files\Microsoft SQL Server\Client SDK\ODBC\170\Tools\Binn\;C:\Program Files\Microsoft SQL Server\160\DTS\Binn\;C:\Program Files (x86)\Microsoft SQL Server\160\DTS\Binn\;C:\Users\fabio\AppData\Local\Microsoft\WindowsApps;C:\Program Files\Java\jdk-21\bin;;C:\Users\fabio\AppData\Local\JetBrains\PyCharm Community Edition 2024.1.4\bin;;C:\Users\fabio\OneDrive\Área de Trabalho;
USERNAME=fabio
OS=Windows_NT
PROCESSOR_IDENTIFIER=Intel64 Family 6 Model 140 Stepping 1, GenuineIntel
TMP=C:\Users\fabio\AppData\Local\Temp
TEMP=C:\Users\fabio\AppData\Local\Temp




Periodic native trim disabled

---------------  S Y S T E M  ---------------

OS:
 Windows 11 , 64 bit Build 22621 (10.0.22621.5415)
OS uptime: 9 days 8:05 hours
Hyper-V role detected

CPU: total 4 (initial active 4) (2 cores per cpu, 2 threads per core) family 6 model 140 stepping 1 microcode 0xbe, cx8, cmov, fxsr, ht, mmx, 3dnowpref, sse, sse2, sse3, ssse3, sse4.1, sse4.2, popcnt, lzcnt, tsc, tscinvbit, avx, avx2, aes, erms, clmul, bmi1, bmi2, adx, avx512f, avx512dq, avx512cd, avx512bw, avx512vl, sha, fma, vzeroupper, avx512_vpopcntdq, avx512_vpclmulqdq, avx512_vaes, avx512_vnni, clflush, clflushopt, clwb, avx512_vbmi2, avx512_vbmi, hv, rdtscp, rdpid, fsrm, gfni, avx512_bitalg, f16c, cet_ibt, cet_ss, avx512_ifma
Processor Information for all 4 processors :
  Max Mhz: 1997, Current Mhz: 1997, Mhz Limit: 1997

Memory: 4k page, system-wide physical 3830M (242M free)
TotalPageFile size 14479M (AvailPageFile size 22M)
current process WorkingSet (physical memory assigned to process): 10M, peak: 10M
current process commit charge ("private bytes"): 51M, peak: 111M

vm_info: Java HotSpot(TM) 64-Bit Server VM (21.0.3+7-LTS-152) for windows-amd64 JRE (21.0.3+7-LTS-152), built on 2024-03-11T17:42:26Z by "mach5one" with MS VC++ 17.6 (VS2022)

END.
